{
                  "type": "FeatureCollection",
                  "features": [                {
                  "type": "Feature",
                  "properties": {
                    "type": "station",
                    "name": "Celje"
                  },
                                      "geometry": {
   "type": "Polygon",
   "coordinates": [[
      [2.0, 3.0],
      [3.0, 3.0],
      [3.0, 5.0],
      [2.0, 5.0],
      [2.0, 3.0]
   ]]
}
                },                {
                  "type": "Feature",
                  "properties": {
                    "type": "platform",
                    "number": "1",
                    "countOfTracks": "2",
                    "stationName": "Celje"
                  },
                                      "geometry": {
   "type": "Polygon",
   "coordinates": [[
      [2.0, 4.0],
      [3.0, 4.0],
      [3.0, 2.0],
      [2.0, 2.0],
      [2.0, 4.0]
   ]]
}
                },                {
                  "type": "Feature",
                  "properties": {
                    "type": "platform",
                    "number": "2",
                    "countOfTracks": "2",
                    "stationName": "Celje"
                  },
                                      "geometry": {
   "type": "Polygon",
   "coordinates": [[
      [3.0, 6.0],
      [5.0, 6.0],
      [5.0, 3.0],
      [3.0, 3.0],
      [3.0, 6.0]
   ]]
}
                },                {
                  "type": "Feature",
                  "properties": {
                    "type": "station",
                    "name": "Maribor"
                  },
                                      "geometry": {
   "type": "Polygon",
   "coordinates": [[
      [4.0, 6.0],
      [3.0, 6.0],
      [3.0, 5.0],
      [4.0, 5.0],
      [4.0, 6.0]
   ]]
}
                },                {
                  "type": "Feature",
                  "properties": {
                    "type": "platform",
                    "number": "1",
                    "countOfTracks": "2",
                    "stationName": "Maribor"
                  },
                                      "geometry": {
   "type": "Polygon",
   "coordinates": [[
      [2.0, 5.0],
      [3.0, 5.0],
      [3.0, 4.0],
      [2.0, 4.0],
      [2.0, 5.0]
   ]]
}
                },                {
                  "type": "Feature",
                  "properties": {
                    "type": "track",
                    "name": "Celje-Maribor",
                    "startPlatformStationName": "Celje",
                    "startPlatformNumber": "1",
                    "startPlatformCountOfTracks": "2",
                    "endPlatformStationName": "Maribor",
                    "endPlatformNumber": "1",
                    "endPlatformCountOfTracks": "2"
                  },

                    "geometry": {
                        "type": "GeometryCollection",
                        "geometries": [{
   "type": "LineString",
   "coordinates": [
      [2.2, 4.2],
      [5.0, 2.0]
   ]
}                     ,{
   "type": "LineString",
   "coordinates": [
      [4.0, 2.0],
      [1.8, 4.8]
   ]
}                     ]
                    }

                },                {
                  "type": "Feature",
                  "properties": {
                    "type": "track",
                    "name": "Maribor-Celje",
                    "startPlatformStationName": "Maribor",
                    "startPlatformNumber": "1",
                    "startPlatformCountOfTracks": "2",
                    "endPlatformStationName": "Celje",
                    "endPlatformNumber": "2",
                    "endPlatformCountOfTracks": "2"
                  },

                    "geometry": {
                        "type": "GeometryCollection",
                        "geometries": [{
   "type": "LineString",
   "coordinates": [
      [2.2, 5.2],
      [3.0, 4.0]
   ]
}                     ,{
   "type": "LineString",
   "coordinates": [
      [3.0, 4.0],
      [7.0, 5.0]
   ]
}                     ,{
   "type": "LineString",
   "coordinates": [
      [7.0, 5.0],
      [3.2, 6.2]
   ]
}                     ]
                    }

                },                {
                  "type": "Feature",
                  "properties": {
                    "type": "switch",
                    "trackOneName": "Celje-Maribor",
                    "trackTwoName": "Maribor-Celje"
                  },
                                      "geometry": {
   "type": "LineString",
   "coordinates": [
      [2.0, 3.0],
      [2.0, 4.0]
   ]
}
                },                {
                  "type": "Feature",
                  "properties": {
                    "type": "tunnel",
                    "name": "Celje tunel",
                    "tracks": ["Celje-Maribor",
"Maribor-Celje"]
                  },
                                      "geometry": {
   "type": "Polygon",
   "coordinates": [[
      [3.0, 4.0],
      [4.0, 4.0],
      [4.0, 2.0],
      [3.0, 2.0],
      [3.0, 4.0]
   ]]
}
                },                {
                  "type": "Feature",
                  "properties": {
                    "type": "bridge",
                    "name": "Maribor zelezniski most",
                    "tracks": ["Celje-Maribor",
"Maribor-Celje"]
                  },
                                      "geometry": {
   "type": "Polygon",
   "coordinates": [[
      [1.0, 3.0],
      [2.0, 3.0],
      [2.0, 4.0],
      [1.0, 4.0],
      [1.0, 3.0]
   ]]
}
                },                {
                  "type": "Feature",
                  "properties": {
                    "type": "crossing",
                    "name": "Sentjur Prehod",
                    "tracks": ["Celje-Maribor",
"Maribor-Celje"]
                  },
                                      "geometry": {
   "type": "Polygon",
   "coordinates": [[
      [1.0, 2.0],
      [2.0, 2.0],
      [2.0, 3.0],
      [1.0, 3.0],
      [1.0, 2.0]
   ]]
}
                },                {
                  "type": "Feature",
                  "properties": {
                    "type": "train",
                    "name": "IC 311",
                    "track": "Celje-Maribor",
                    "percent": 20.0
                  },
                                      "geometry": {
  "type": "Polygon",
  "coordinates": [[
      [2.0349047, 6.9996953],[2.069799, 6.9987817],[2.104672, 6.997259],[2.139513, 6.995128],[2.1743114, 6.9923897],[2.2090569, 6.9890437],[2.2437387, 6.985092],[2.2783463, 6.980536],[2.312869, 6.9753766],[2.3472965, 6.9696155],[2.381618, 6.9632545],[2.4158235, 6.956295],[2.449902, 6.94874],[2.4838438, 6.9405913],[2.5176382, 6.9318514],[2.5512748, 6.9225235],[2.5847435, 6.9126096],[2.618034, 6.902113],[2.6511364, 6.891037],[2.6840403, 6.879385],[2.7167358, 6.867161],[2.7492132, 6.8543677],[2.7814622, 6.8410096],[2.8134732, 6.8270907],[2.8452365, 6.8126154],[2.8767424, 6.7975883],[2.907981, 6.782013],[2.9389431, 6.765895],[2.9696193, 6.7492394],[3.0, 6.732051],[3.0300763, 6.7143345],[3.0598385, 6.6960964],[3.0892782, 6.677341],[3.1183858, 6.6580753],[3.147153, 6.6383038],[3.1755705, 6.618034],[3.20363, 6.597271],[3.231323, 6.5760217],[3.2586408, 6.5542917],[3.2855754, 6.5320888],[3.312118, 6.5094194],[3.3382611, 6.4862895],[3.3639967, 6.4627075],[3.3893168, 6.4386797],[3.4142137, 6.4142137],[3.4386797, 6.3893166],[3.4627075, 6.3639965],[3.4862897, 6.338261],[3.5094192, 6.312118],[3.5320888, 6.2855754],[3.5542922, 6.258641],[3.5760217, 6.231323],[3.597271, 6.20363],[3.618034, 6.1755705],[3.6383042, 6.147153],[3.6580753, 6.118386],[3.6773412, 6.089278],[3.6960962, 6.0598383],[3.7143345, 6.030076],[3.732051, 6.0],[3.7492394, 5.9696193],[3.7658954, 5.938943],[3.7820132, 5.907981],[3.797588, 5.8767424],[3.8126156, 5.8452363],[3.827091, 5.813473],[3.8410096, 5.781462],[3.8543677, 5.749213],[3.8671608, 5.716736],[3.8793855, 5.68404],[3.891037, 5.6511364],[3.902113, 5.618034],[3.9126096, 5.5847435],[3.9225235, 5.5512743],[3.9318519, 5.5176377],[3.9405913, 5.483844],[3.94874, 5.449902],[3.9562953, 5.4158235],[3.9632545, 5.381618],[3.9696155, 5.347296],[3.9753766, 5.312869],[3.980536, 5.278346],[3.9850922, 5.2437387],[3.9890437, 5.209057],[3.9923894, 5.1743116],[3.9951282, 5.139513],[3.9972591, 5.1046715],[3.9987817, 5.069799],[3.9996953, 5.034905],[4.0, 5.0],[3.9996953, 4.965095],[3.9987817, 4.930201],[3.9972591, 4.895328],[3.9951282, 4.860487],[3.9923892, 4.8256884],[3.9890437, 4.790943],[3.9850922, 4.7562613],[3.980536, 4.7216535],[3.9753766, 4.687131],[3.9696155, 4.652704],[3.9632545, 4.618382],[3.956295, 4.584176],[3.94874, 4.550098],[3.9405913, 4.516156],[3.9318516, 4.482362],[3.9225235, 4.448725],[3.9126096, 4.4152565],[3.902113, 4.381966],[3.8910372, 4.3488636],[3.8793852, 4.31596],[3.8671608, 4.2832637],[3.8543677, 4.250787],[3.8410096, 4.218538],[3.8270907, 4.186527],[3.8126154, 4.154763],[3.797588, 4.1232576],[3.782013, 4.0920186],[3.7658951, 4.061057],[3.7492392, 4.0303802],[3.732051, 4.0],[3.7143345, 3.969924],[3.696096, 3.9401612],[3.677341, 3.9107218],[3.6580749, 3.881614],[3.638304, 3.852847],[3.618034, 3.824429],[3.597271, 3.7963698],[3.5760217, 3.7686772],[3.5542917, 3.741359],[3.5320888, 3.7144246],[3.5094192, 3.687882],[3.4862895, 3.6617386],[3.462707, 3.636003],[3.4386795, 3.610683],[3.4142137, 3.5857863],[3.3893166, 3.5613203],[3.3639965, 3.5372925],[3.3382611, 3.5137105],[3.312118, 3.4905806],[3.285575, 3.4679108],[3.2586405, 3.4457078],[3.2313228, 3.4239783],[3.2036297, 3.4027288],[3.1755705, 3.3819659],[3.147153, 3.3616958],[3.1183858, 3.3419247],[3.0892777, 3.3226585],[3.0598383, 3.3039036],[3.030076, 3.2856655],[2.9999995, 3.267949],[2.969619, 3.2507606],[2.9389431, 3.2341049],[2.9079807, 3.2179868],[2.8767424, 3.202412],[2.8452368, 3.1873846],[2.8134732, 3.172909],[2.7814617, 3.1589901],[2.749213, 3.1456323],[2.7167358, 3.1328392],[2.68404, 3.1206145],[2.6511362, 3.1089628],[2.6180341, 3.097887],[2.5847437, 3.0873904],[2.5512748, 3.0774765],[2.5176377, 3.0681481],[2.4838438, 3.0594087],[2.4499018, 3.0512598],[2.4158232, 3.0437047],[2.3816175, 3.0367455],[2.3472967, 3.0303845],[2.3128688, 3.0246234],[2.2783463, 3.019464],[2.2437387, 3.0149078],[2.2090566, 3.0109563],[2.1743112, 3.0076106],[2.1395125, 3.0048718],[2.1046722, 3.0027409],[2.069799, 3.0012183],[2.034905, 3.0003047],[1.9999999, 3.0],[1.9650947, 3.0003047],[1.9302007, 3.0012183],[1.8953276, 3.0027409],[1.8604872, 3.0048718],[1.8256884, 3.0076106],[1.7909431, 3.0109563],[1.7562611, 3.0149078],[1.7216533, 3.019464],[1.6871308, 3.0246234],[1.652703, 3.0303845],[1.6183821, 3.0367455],[1.5841764, 3.043705],[1.550098, 3.05126],[1.516156, 3.0594087],[1.4823613, 3.0681486],[1.448725, 3.0774767],[1.415256, 3.0873907],[1.3819661, 3.097887],[1.3488635, 3.108963],[1.3159597, 3.1206148],[1.2832638, 3.1328392],[1.2507868, 3.1456323],[1.2185373, 3.1589904],[1.1865261, 3.1729093],[1.1547635, 3.1873844],[1.1232574, 3.2024121],[1.0920188, 3.217987],[1.0610566, 3.234105],[1.0303806, 3.2507606],[0.99999964, 3.2679496],[0.96992326, 3.2856658],[0.94016147, 3.3039038],[0.910722, 3.3226588],[0.8816141, 3.341925],[0.85284674, 3.3616962],[0.8244293, 3.381966],[0.79636955, 3.4027293],[0.76867723, 3.4239783],[0.7413591, 3.4457083],[0.71442485, 3.467911],[0.6878818, 3.490581],[0.6617384, 3.5137105],[0.63600314, 3.5372927],[0.61068285, 3.5613208],[0.5857866, 3.5857863],[0.5613203, 3.6106834],[0.5372926, 3.6360033],[0.51371026, 3.6617389],[0.49058056, 3.6878824],[0.4679109, 3.714425],[0.44570804, 3.7413592],[0.42397857, 3.768677],[0.40272915, 3.7963696],[0.38196576, 3.82443],[0.36169577, 3.8528473],[0.3419248, 3.8816142],[0.32265842, 3.9107227],[0.30390346, 3.9401622],[0.28566563, 3.9699235],[0.2679491, 4.0],[0.25076056, 4.0303807],[0.23410487, 4.0610566],[0.2179867, 4.0920196],[0.20241177, 4.123258],[0.18738437, 4.1547637],[0.17290914, 4.186527],[0.15899038, 4.2185373],[0.14563203, 4.2507873],[0.13283896, 4.2832646],[0.12061465, 4.31596],[0.10896289, 4.3488636],[0.0978868, 4.3819666],[0.08739066, 4.415256],[0.0774765, 4.4487257],[0.068148255, 4.482362],[0.059408545, 4.516156],[0.051259756, 4.5500984],[0.04370475, 4.584177],[0.03674555, 4.6183825],[0.030384421, 4.652704],[0.024623394, 4.687131],[0.019463897, 4.7216535],[0.0149075985, 4.756262],[0.010956168, 4.790943],[0.0076105595, 4.8256884],[0.0048718452, 4.860488],[0.0027409792, 4.8953276],[0.0012183189, 4.9302015],[3.0457973E-4, 4.9650955],[0.0, 5.0],[3.0457973E-4, 5.0349054],[0.0012183189, 5.0697994],[0.0027409792, 5.1046724],[0.0048719645, 5.139513],[0.0076105595, 5.1743116],[0.010956168, 5.209057],[0.014907718, 5.243739],[0.019463897, 5.2783465],[0.024623394, 5.312869],[0.03038466, 5.347297],[0.03674555, 5.3816175],[0.043704867, 5.415824],[0.051259995, 5.4499025],[0.059408545, 5.483844],[0.06814861, 5.517639],[0.07747674, 5.5512753],[0.08739066, 5.584744],[0.09788704, 5.6180344],[0.10896289, 5.6511364],[0.12061477, 5.68404],[0.13283932, 5.7167363],[0.1456325, 5.7492137],[0.15899038, 5.7814627],[0.1729095, 5.813474],[0.18738437, 5.8452363],[0.20241213, 5.876743],[0.21798718, 5.9079814],[0.23410487, 5.9389434],[0.25076056, 5.9696193],[0.26794958, 6.000001],[0.28566515, 6.030076],[0.30390406, 6.059839],[0.32265902, 6.089278],[0.3419248, 6.118386],[0.36169636, 6.1471534],[0.38196635, 6.175571],[0.40272915, 6.2036304],[0.42397857, 6.2313232],[0.44570804, 6.258641],[0.467911, 6.285575],[0.49058115, 6.3121185],[0.5137105, 6.3382616],[0.5372927, 6.3639965],[0.561321, 6.3893175],[0.5857862, 6.414213],[0.61068356, 6.4386797],[0.6360035, 6.4627075],[0.6617389, 6.48629],[0.68788254, 6.5094194],[0.7144252, 6.532089],[0.7413596, 6.554292],[0.76867723, 6.5760217],[0.79637, 6.597271],[0.8244294, 6.618034],[0.8528476, 6.6383047],[0.88161373, 6.658075],[0.91072214, 6.6773415],[0.94016147, 6.6960964],[0.96992373, 6.7143345],[1.0000005, 6.732051],[1.0303811, 6.7492394],[1.0610571, 6.7658954],[1.092019, 6.782013],[1.1232584, 6.7975883],[1.1547639, 6.812616],[1.186527, 6.827091],[1.2185388, 6.84101],[1.2507876, 6.854368],[1.2832648, 6.8671613],[1.3159592, 6.879385],[1.348864, 6.891037],[1.3819661, 6.902113],[1.4152565, 6.9126096],[1.448725, 6.9225235],[1.4823623, 6.931852],[1.5161564, 6.940592],[1.550098, 6.94874],[1.5841774, 6.9562955],[1.6183826, 6.9632545],[1.652704, 6.9696155],[1.6871322, 6.975377],[1.7216548, 6.9805365],[1.7562611, 6.985092],[1.7909427, 6.9890437],[1.8256879, 6.992389],[1.8604872, 6.995128],[1.895328, 6.997259],[1.9302008, 6.9987817],[1.9650958, 6.9996953],[2.0000002, 7.0],
      [2.0349047, 6.9996953]
   ]]
}
                }],
                  "metadata": {
                    "name": "Celje-Maribor"
                  }
                }