{
                  "type": "FeatureCollection",
                  "features": [                {
                  "type": "Feature",
                  "properties": {
                    "type": "station",
                    "name": "Celje"
                  }, 
                                      "geometry": {
   "type": "Polygon",
   "coordinates": [[                      
      [2.0, 3.0],
      [3.0, 3.0],
      [3.0, 5.0],          
      [2.0, 5.0],
      [2.0, 3.0]
   ]]
}                     
                },                {
                  "type": "Feature",
                  "properties": {
                    "type": "platform",
                    "number": "1",
                    "countOfTracks": "2",
                    "stationName": "Celje"
                  }, 
                                      "geometry": {
   "type": "Polygon",
   "coordinates": [[                      
      [2.0, 4.0],
      [3.0, 4.0],
      [3.0, 2.0],          
      [2.0, 2.0],
      [2.0, 4.0]
   ]]
}                     
                },                {
                  "type": "Feature",
                  "properties": {
                    "type": "platform",
                    "number": "2",
                    "countOfTracks": "2",
                    "stationName": "Celje"
                  }, 
                                      "geometry": {
   "type": "Polygon",
   "coordinates": [[                      
      [2.0, 4.0],
      [5.0, 4.0],
      [5.0, 3.0],          
      [2.0, 3.0],
      [2.0, 4.0]
   ]]
}                     
                },                {
                  "type": "Feature",
                  "properties": {
                    "type": "station",
                    "name": "Maribor"
                  }, 
                                      "geometry": {
   "type": "Polygon",
   "coordinates": [[                      
      [4.0, 6.0],
      [3.0, 6.0],
      [3.0, 5.0],          
      [4.0, 5.0],
      [4.0, 6.0]
   ]]
}                     
                },                {
                  "type": "Feature",
                  "properties": {
                    "type": "platform",
                    "number": "1",
                    "countOfTracks": "2",
                    "stationName": "Maribor"
                  }, 
                                      "geometry": {
   "type": "Polygon",
   "coordinates": [[                      
      [2.0, 5.0],
      [3.0, 5.0],
      [3.0, 4.0],          
      [2.0, 4.0],
      [2.0, 5.0]
   ]]
}                     
                }],
                  "metadata": {
                    "name": "Celje-Maribor"
                  }
                }