{
                  "type": "FeatureCollection",
                  "features": [                {
                  "type": "Feature",
                  "properties": {
                    "type": "station",
                    "name": "Celje"
                  },
                                      "geometry": {
  "type": "Polygon",
  "coordinates": [[
      [2.0349047, 4.9996953],[2.069799, 4.9987817],[2.104672, 4.997259],[2.139513, 4.995128],[2.1743114, 4.9923897],[2.2090569, 4.9890437],[2.2437387, 4.985092],[2.2783463, 4.980536],[2.312869, 4.9753766],[2.3472965, 4.9696155],[2.381618, 4.9632545],[2.4158235, 4.956295],[2.449902, 4.94874],[2.4838438, 4.9405913],[2.5176382, 4.9318514],[2.5512748, 4.9225235],[2.5847435, 4.9126096],[2.618034, 4.902113],[2.6511364, 4.891037],[2.6840403, 4.879385],[2.7167358, 4.867161],[2.7492132, 4.8543677],[2.7814622, 4.8410096],[2.8134732, 4.8270907],[2.8452365, 4.8126154],[2.8767424, 4.7975883],[2.907981, 4.782013],[2.9389431, 4.765895],[2.9696193, 4.7492394],[3.0, 4.732051],[3.0300763, 4.7143345],[3.0598385, 4.6960964],[3.0892782, 4.677341],[3.1183858, 4.6580753],[3.147153, 4.6383038],[3.1755705, 4.618034],[3.20363, 4.597271],[3.231323, 4.5760217],[3.2586408, 4.5542917],[3.2855754, 4.5320888],[3.312118, 4.5094194],[3.3382611, 4.4862895],[3.3639967, 4.4627075],[3.3893168, 4.4386797],[3.4142137, 4.4142137],[3.4386797, 4.3893166],[3.4627075, 4.3639965],[3.4862897, 4.338261],[3.5094192, 4.312118],[3.5320888, 4.2855754],[3.5542922, 4.258641],[3.5760217, 4.231323],[3.597271, 4.20363],[3.618034, 4.1755705],[3.6383042, 4.147153],[3.6580753, 4.118386],[3.6773412, 4.089278],[3.6960962, 4.0598383],[3.7143345, 4.030076],[3.732051, 4.0],[3.7492394, 3.9696193],[3.7658954, 3.938943],[3.7820132, 3.907981],[3.797588, 3.8767424],[3.8126156, 3.8452365],[3.827091, 3.8134732],[3.8410096, 3.7814622],[3.8543677, 3.749213],[3.8671608, 3.7167358],[3.8793855, 3.68404],[3.891037, 3.6511364],[3.902113, 3.618034],[3.9126096, 3.5847433],[3.9225235, 3.5512745],[3.9318519, 3.517638],[3.9405913, 3.4838438],[3.94874, 3.449902],[3.9562953, 3.4158232],[3.9632545, 3.3816178],[3.9696155, 3.3472962],[3.9753766, 3.312869],[3.980536, 3.2783463],[3.9850922, 3.2437387],[3.9890437, 3.2090569],[3.9923894, 3.1743116],[3.9951282, 3.139513],[3.9972591, 3.1046717],[3.9987817, 3.0697987],[3.9996953, 3.0349047],[4.0, 3.0],[3.9996953, 2.965095],[3.9987817, 2.930201],[3.9972591, 2.895328],[3.9951282, 2.8604867],[3.9923892, 2.8256881],[3.9890437, 2.790943],[3.9850922, 2.756261],[3.980536, 2.7216537],[3.9753766, 2.6871312],[3.9696155, 2.6527035],[3.9632545, 2.618382],[3.956295, 2.5841763],[3.94874, 2.5500977],[3.9405913, 2.516156],[3.9318516, 2.4823618],[3.9225235, 2.4487252],[3.9126096, 2.4152565],[3.902113, 2.3819659],[3.8910372, 2.3488638],[3.8793852, 2.3159597],[3.8671608, 2.283264],[3.8543677, 2.2507865],[3.8410096, 2.2185378],[3.8270907, 2.1865265],[3.8126154, 2.1547632],[3.797588, 2.1232576],[3.782013, 2.0920188],[3.7658951, 2.0610569],[3.7492392, 2.0303805],[3.732051, 1.9999999],[3.7143345, 1.969924],[3.696096, 1.9401613],[3.677341, 1.9107219],[3.6580749, 1.881614],[3.638304, 1.8528471],[3.618034, 1.8244292],[3.597271, 1.7963698],[3.5760217, 1.7686771],[3.5542917, 1.741359],[3.5320888, 1.7144247],[3.5094192, 1.6878821],[3.4862895, 1.6617386],[3.462707, 1.636003],[3.4386795, 1.6106831],[3.4142137, 1.5857865],[3.3893166, 1.5613202],[3.3639965, 1.5372925],[3.3382611, 1.5137104],[3.312118, 1.4905807],[3.285575, 1.4679108],[3.2586405, 1.4457079],[3.2313228, 1.4239784],[3.2036297, 1.4027288],[3.1755705, 1.3819659],[3.147153, 1.3616959],[3.1183858, 1.3419248],[3.0892777, 1.3226585],[3.0598383, 1.3039037],[3.030076, 1.2856654],[2.9999995, 1.267949],[2.969619, 1.2507604],[2.9389431, 1.2341049],[2.9079807, 1.2179868],[2.8767424, 1.2024119],[2.8452368, 1.1873845],[2.8134732, 1.172909],[2.7814617, 1.1589901],[2.749213, 1.1456321],[2.7167358, 1.1328391],[2.68404, 1.1206146],[2.6511362, 1.1089628],[2.6180341, 1.097887],[2.5847437, 1.0873905],[2.5512748, 1.0774766],[2.5176377, 1.0681483],[2.4838438, 1.0594085],[2.4499018, 1.0512598],[2.4158232, 1.0437047],[2.3816175, 1.0367455],[2.3472967, 1.0303845],[2.3128688, 1.0246233],[2.2783463, 1.0194639],[2.2437387, 1.0149077],[2.2090566, 1.0109562],[2.1743112, 1.0076106],[2.1395125, 1.0048718],[2.1046722, 1.002741],[2.069799, 1.0012183],[2.034905, 1.0003046],[1.9999999, 1.0],[1.9650947, 1.0003046],[1.9302007, 1.0012183],[1.8953276, 1.002741],[1.8604872, 1.0048718],[1.8256884, 1.0076106],[1.7909431, 1.0109562],[1.7562611, 1.0149077],[1.7216533, 1.0194639],[1.6871308, 1.0246234],[1.652703, 1.0303845],[1.6183821, 1.0367457],[1.5841764, 1.0437049],[1.550098, 1.0512599],[1.516156, 1.0594087],[1.4823613, 1.0681485],[1.448725, 1.0774767],[1.415256, 1.0873907],[1.3819661, 1.0978869],[1.3488635, 1.1089629],[1.3159597, 1.1206148],[1.2832638, 1.1328392],[1.2507868, 1.1456324],[1.2185373, 1.1589905],[1.1865261, 1.1729094],[1.1547635, 1.1873844],[1.1232574, 1.202412],[1.0920188, 1.217987],[1.0610566, 1.234105],[1.0303806, 1.2507607],[0.99999964, 1.2679495],[0.96992326, 1.2856658],[0.94016147, 1.3039038],[0.910722, 1.3226588],[0.8816141, 1.3419249],[0.85284674, 1.3616961],[0.8244293, 1.3819661],[0.79636955, 1.4027293],[0.76867723, 1.4239783],[0.7413591, 1.4457082],[0.71442485, 1.467911],[0.6878818, 1.4905809],[0.6617384, 1.5137106],[0.63600314, 1.5372927],[0.61068285, 1.5613208],[0.5857866, 1.5857863],[0.5613203, 1.6106833],[0.5372926, 1.6360033],[0.51371026, 1.661739],[0.49058056, 1.6878823],[0.4679109, 1.714425],[0.44570804, 1.7413594],[0.42397857, 1.768677],[0.40272915, 1.7963697],[0.38196576, 1.8244299],[0.36169577, 1.8528473],[0.3419248, 1.8816142],[0.32265842, 1.9107226],[0.30390346, 1.9401621],[0.28566563, 1.9699234],[0.2679491, 2.0000002],[0.25076056, 2.0303807],[0.23410487, 2.0610566],[0.2179867, 2.0920196],[0.20241177, 2.123258],[0.18738437, 2.1547637],[0.17290914, 2.1865268],[0.15899038, 2.2185376],[0.14563203, 2.2507873],[0.13283896, 2.2832644],[0.12061465, 2.31596],[0.10896289, 2.3488636],[0.0978868, 2.3819666],[0.08739066, 2.4152563],[0.0774765, 2.4487257],[0.068148255, 2.482362],[0.059408545, 2.5161562],[0.051259756, 2.5500987],[0.04370475, 2.584177],[0.03674555, 2.6183822],[0.030384421, 2.6527038],[0.024623394, 2.687131],[0.019463897, 2.7216535],[0.0149075985, 2.7562618],[0.010956168, 2.7909434],[0.0076105595, 2.8256886],[0.0048718452, 2.860488],[0.0027409792, 2.8953278],[0.0012183189, 2.9302015],[3.0457973E-4, 2.9650955],[0.0, 3.0],[3.0457973E-4, 3.0349057],[0.0012183189, 3.0697997],[0.0027409792, 3.1046722],[0.0048719645, 3.139513],[0.0076105595, 3.1743114],[0.010956168, 3.2090566],[0.014907718, 3.2437391],[0.019463897, 3.2783465],[0.024623394, 3.312869],[0.03038466, 3.3472972],[0.03674555, 3.3816178],[0.043704867, 3.415824],[0.051259995, 3.4499025],[0.059408545, 3.4838438],[0.06814861, 3.517639],[0.07747674, 3.5512753],[0.08739066, 3.584744],[0.09788704, 3.6180344],[0.10896289, 3.6511364],[0.12061477, 3.68404],[0.13283932, 3.7167366],[0.1456325, 3.7492137],[0.15899038, 3.7814624],[0.1729095, 3.8134742],[0.18738437, 3.8452363],[0.20241213, 3.8767428],[0.21798718, 3.9079814],[0.23410487, 3.9389434],[0.25076056, 3.9696193],[0.26794958, 4.000001],[0.28566515, 4.030076],[0.30390406, 4.059839],[0.32265902, 4.089278],[0.3419248, 4.118386],[0.36169636, 4.1471534],[0.38196635, 4.175571],[0.40272915, 4.2036304],[0.42397857, 4.2313232],[0.44570804, 4.258641],[0.467911, 4.285575],[0.49058115, 4.3121185],[0.5137105, 4.3382616],[0.5372927, 4.3639965],[0.561321, 4.3893175],[0.5857862, 4.414213],[0.61068356, 4.4386797],[0.6360035, 4.4627075],[0.6617389, 4.48629],[0.68788254, 4.5094194],[0.7144252, 4.532089],[0.7413596, 4.554292],[0.76867723, 4.5760217],[0.79637, 4.597271],[0.8244294, 4.618034],[0.8528476, 4.6383047],[0.88161373, 4.658075],[0.91072214, 4.6773415],[0.94016147, 4.6960964],[0.96992373, 4.7143345],[1.0000005, 4.732051],[1.0303811, 4.7492394],[1.0610571, 4.7658954],[1.092019, 4.782013],[1.1232584, 4.7975883],[1.1547639, 4.812616],[1.186527, 4.827091],[1.2185388, 4.84101],[1.2507876, 4.854368],[1.2832648, 4.8671613],[1.3159592, 4.879385],[1.348864, 4.891037],[1.3819661, 4.902113],[1.4152565, 4.9126096],[1.448725, 4.9225235],[1.4823623, 4.931852],[1.5161564, 4.940592],[1.550098, 4.94874],[1.5841774, 4.9562955],[1.6183826, 4.9632545],[1.652704, 4.9696155],[1.6871322, 4.975377],[1.7216548, 4.9805365],[1.7562611, 4.985092],[1.7909427, 4.9890437],[1.8256879, 4.992389],[1.8604872, 4.995128],[1.895328, 4.997259],[1.9302008, 4.9987817],[1.9650958, 4.9996953],[2.0000002, 5.0],
      [2.0349047, 4.9996953]
   ]]
}
                },                {
                  "type": "Feature",
                  "properties": {
                    "type": "platform",
                    "number": "1",
                    "countOfTracks": "2",
                    "stationName": "Celje"
                  },
                                      "geometry": {
   "type": "Polygon",
   "coordinates": [[
      [2.0, 4.0],
      [3.0, 4.0],
      [3.0, 2.0],
      [2.0, 2.0],
      [2.0, 4.0]
   ]]
}
                },                {
                  "type": "Feature",
                  "properties": {
                    "type": "platform",
                    "number": "2",
                    "countOfTracks": "2",
                    "stationName": "Celje"
                  },
                                      "geometry": {
   "type": "Polygon",
   "coordinates": [[
      [3.0, 6.0],
      [5.0, 6.0],
      [5.0, 3.0],
      [3.0, 3.0],
      [3.0, 6.0]
   ]]
}
                },                {
                  "type": "Feature",
                  "properties": {
                    "type": "station",
                    "name": "Maribor"
                  },
                                      "geometry": {
   "type": "Polygon",
   "coordinates": [[
      [4.0, 6.0],
      [3.0, 6.0],
      [3.0, 5.0],
      [4.0, 5.0],
      [4.0, 6.0]
   ]]
}
                },                {
                  "type": "Feature",
                  "properties": {
                    "type": "platform",
                    "number": "1",
                    "countOfTracks": "2",
                    "stationName": "Maribor"
                  },
                                      "geometry": {
   "type": "Polygon",
   "coordinates": [[
      [2.0, 5.0],
      [3.0, 5.0],
      [3.0, 4.0],
      [2.0, 4.0],
      [2.0, 5.0]
   ]]
}
                },                {
                  "type": "Feature",
                  "properties": {
                    "type": "track",
                    "name": "Celje-Maribor",
                    "startPlatformStationName": "Celje",
                    "startPlatformNumber": "1",
                    "startPlatformCountOfTracks": "2",
                    "endPlatformStationName": "Maribor",
                    "endPlatformNumber": "1",
                    "endPlatformCountOfTracks": "2"
                  },

                    "geometry": {
                        "type": "GeometryCollection",
                        "geometries": [{
   "type": "LineString",
   "coordinates": [
      [2.2, 4.2],
      [5.0, 2.0]
   ]
}                     ,{
   "type": "LineString",
   "coordinates": [
      [4.0, 2.0],
      [1.8, 4.8]
   ]
}                     ]
                    }

                },                {
                  "type": "Feature",
                  "properties": {
                    "type": "track",
                    "name": "Maribor-Celje",
                    "startPlatformStationName": "Maribor",
                    "startPlatformNumber": "1",
                    "startPlatformCountOfTracks": "2",
                    "endPlatformStationName": "Celje",
                    "endPlatformNumber": "2",
                    "endPlatformCountOfTracks": "2"
                  },

                    "geometry": {
                        "type": "GeometryCollection",
                        "geometries": [{
   "type": "LineString",
   "coordinates": [
      [2.2, 5.2],
      [3.0, 4.0]
   ]
}                     ,{
   "type": "LineString",
   "coordinates": [
      [3.0, 4.0],
      [7.0, 5.0]
   ]
}                     ,{
   "type": "LineString",
   "coordinates": [
      [7.0, 5.0],
      [3.2, 6.2]
   ]
}                     ]
                    }

                },                {
                  "type": "Feature",
                  "properties": {
                    "type": "switch",
                    "trackOneName": "Celje-Maribor",
                    "trackTwoName": "Maribor-Celje"
                  },
                                      "geometry": {
   "type": "LineString",
   "coordinates": [
      [2.0, 3.0],
      [2.0, 4.0]
   ]
}
                }],
                  "metadata": {
                    "name": "Celje-Maribor"
                  }
                }